C:\Users\Man\AutoAgent\.venv\Scripts\python.exe : RTH_FALLBACK_STATUS_PATH_DEBUG: 
C:\Users\Man\AppData\Local\Temp\rth_status_early_error_26960.json
At line:1 char:1
+ C:\Users\Man\AutoAgent\.venv\Scripts\python.exe C:\Users\Man\CursorAg ...
+ ~~~~~~~~~~~~~~~~~~~~~~~~~~~~~~~~~~~~~~~~~~~~~~~~~~~~~~~~~~~~~~~~~~~~~
    + CategoryInfo          : NotSpecified: (RTH_FALLBACK_ST...rror_26960.json:String) [], RemoteException
    + FullyQualifiedErrorId : NativeCommandError
 
RTH_SCRIPT_MAIN_STARTED_VERY_EARLY_DEBUG
RTH_LOG|INFO|2025-05-27T23:07:41.223095| [RTH_CLI] Using positional command: ['command', 'gcloud', 
'builds', 'submit', '--config', 'cloudbuild.yaml', '.']
RTH_LOG|INFO|2025-05-27T23:07:41.223095| [RTH_CLI] Calling execute_command with shell=False
RTH_EXEC_DEBUG: execute_command: 
child_stdout_temp_file_name='C:\Users\Man\AppData\Local\Temp\rth_child_stdout_m1o9sojx', 
child_stderr_temp_file_name='C:\Users\Man\AppData\Local\Temp\rth_child_stderr_nudhs513'
RTH_LOG|INFO|2025-05-27T23:07:41.224120| Child stdout temp file: 
C:\Users\Man\AppData\Local\Temp\rth_child_stdout_m1o9sojx
RTH_LOG|INFO|2025-05-27T23:07:41.224120| Child stderr temp file: 
C:\Users\Man\AppData\Local\Temp\rth_child_stderr_nudhs513
RTH_LOG|ERROR|2025-05-27T23:07:41.228744| Command not found: ['command', 'gcloud', 'builds', 'submit', 
'--config', 'cloudbuild.yaml', '.']
RTH_EXEC_DEBUG: execute_command: final_stdout_len=0, final_stderr_len=0
RTH_LOG|INFO|2025-05-27T23:07:41.229255| execute_command finished. Status: RTH_EXEC_ERROR_FILE_NOT_FOUND, 
ExitCode: None
RTH_MAIN_DEBUG: Preparing status_data. 
stdout_temp_file_name_main='C:\Users\Man\AppData\Local\Temp\rth_child_stdout_m1o9sojx', 
stderr_temp_file_name_main='C:\Users\Man\AppData\Local\Temp\rth_child_stderr_nudhs513', 
handler_status_message_main='RTH_EXEC_ERROR_FILE_NOT_FOUND', subprocess_numeric_exit_code_main=None
RTH_MAIN_DEBUG: status_data to be written to JSON: {'final_handler_status_message': 
'RTH_EXEC_ERROR_FILE_NOT_FOUND', 'subprocess_exit_code': None, 'cli_script_exit_code': 1, 
'stdout_temp_file_used': 'C:\\Users\\Man\\AppData\\Local\\Temp\\rth_child_stdout_m1o9sojx', 
'stderr_temp_file_used': 'C:\\Users\\Man\\AppData\\Local\\Temp\\rth_child_stderr_nudhs513', 
'execution_start_time_epoch': 1748401661.2217703, 'execution_end_time_epoch': 1748401661.2292554, 
'total_duration_seconds': 0.007}
RTH_LOG|INFO|2025-05-27T23:07:41.229255| [RTH_CLI] Writing status file to: rth_status_submit_build.json
RTH_LOG|INFO|2025-05-27T23:07:41.229767| [RTH_CLI] Status file written successfully: 
rth_status_submit_build.json
RTH_LOG|INFO|2025-05-27T23:07:41.229767| [RTH_CLI] Script final exit code: 1
RTH_MAIN_DEBUG: Preparing status_data. 
stdout_temp_file_name_main='C:\Users\Man\AppData\Local\Temp\rth_child_stdout_m1o9sojx', 
stderr_temp_file_name_main='C:\Users\Man\AppData\Local\Temp\rth_child_stderr_nudhs513', 
handler_status_message_main='RTH_EXEC_ERROR_FILE_NOT_FOUND', subprocess_numeric_exit_code_main=None
RTH_MAIN_DEBUG: status_data to be written to JSON: {'final_handler_status_message': 
'RTH_EXEC_ERROR_FILE_NOT_FOUND', 'subprocess_exit_code': None, 'cli_script_exit_code': 1, 
'stdout_temp_file_used': 'C:\\Users\\Man\\AppData\\Local\\Temp\\rth_child_stdout_m1o9sojx', 
'stderr_temp_file_used': 'C:\\Users\\Man\\AppData\\Local\\Temp\\rth_child_stderr_nudhs513', 
'execution_start_time_epoch': 1748401661.2217703, 'execution_end_time_epoch': 1748401661.2297673, 
'total_duration_seconds': 0.008}
RTH_LOG|INFO|2025-05-27T23:07:41.229767| [RTH_CLI] Writing status file to: rth_status_submit_build.json
RTH_LOG|INFO|2025-05-27T23:07:41.230279| [RTH_CLI] Status file written successfully: 
rth_status_submit_build.json
RTH_LOG|INFO|2025-05-27T23:07:41.230279| [RTH_CLI] Script final exit code: 1
